/home/tesblan-gg/Documentos/Programacion_java/calculadora-java/src/main/java/com/calculadora/controller/CalculadoraController.java
/home/tesblan-gg/Documentos/Programacion_java/calculadora-java/src/main/java/com/calculadora/model/operaciones/Potencia.java
/home/tesblan-gg/Documentos/Programacion_java/calculadora-java/src/main/java/com/calculadora/model/operaciones/Division.java
/home/tesblan-gg/Documentos/Programacion_java/calculadora-java/src/main/java/com/calculadora/model/operaciones/Multiplicacion.java
/home/tesblan-gg/Documentos/Programacion_java/calculadora-java/src/main/java/com/calculadora/model/operaciones/Raiz.java
/home/tesblan-gg/Documentos/Programacion_java/calculadora-java/src/main/java/com/calculadora/model/operaciones/Suma.java
/home/tesblan-gg/Documentos/Programacion_java/calculadora-java/src/main/java/com/calculadora/App.java
/home/tesblan-gg/Documentos/Programacion_java/calculadora-java/src/main/java/com/calculadora/model/operaciones/Resta.java
/home/tesblan-gg/Documentos/Programacion_java/calculadora-java/src/main/java/com/calculadora/model/operaciones/Operacion.java
